
   WARN  Tests\Unit\ArticleModelTest
  ! toggle user favorite updates favorite status ΓåÆ file_get_contents(C:ΓÇª 0.18s  

   PASS  Tests\Unit\ExampleTest
  Γ£ô that true is true                                                    0.01s  

   WARN  Tests\Unit\TagModelTest
  ! favorite tags returns sorted results by article count ΓåÆ file_get_coΓÇª 0.02s  

   PASS  Tests\Unit\UserModelTest
  Γ£ô toggle follow user updates relationship                              0.02s  
  Γ£ô is self attribute returns true for logged in user                    0.02s  

   FAIL  Tests\Feature\ArticleTest
  Γ¿» article show page is accessible                                      0.05s  
  Γ¿» authenticated user can favorite article                              0.01s  
  Γ¿» authenticated user can post comment                                  0.01s  
  Γ¿» authenticated user can delete article                                0.01s  

   FAIL  Tests\Feature\AuthTest
  Γ¿» sign up page is accessible                                           0.01s  
  Γ¿» user can register                                                    0.01s  
  Γ¿» sign in page is accessible                                           0.01s  
  Γ¿» user can login with correct credentials                              0.01s  
  Γ¿» invalid sign in returns error                                        0.01s  
  Γ¿» authenticated user can logout                                        0.01s  

   FAIL  Tests\Feature\ExampleTest
  Γ¿» the application returns a successful response                        0.01s  

   PASS  Tests\Feature\HealthCheckTest
  Γ£ô api health endpoint is ok                                            0.01s  

   FAIL  Tests\Feature\ProfileTest
  Γ¿» user profile page is accessible                                      0.01s  
  Γ¿» user favorites page is accessible                                    0.02s  
  Γ¿» authenticated user can follow and unfollow another user              0.01s  

   FAIL  Tests\Feature\TagFeedTest
  Γ¿» tag feed page is accessible                                          0.01s  
  Γ¿» authenticated user can access your feed                              0.01s  
  ΓöÇΓöÇΓöÇΓöÇΓöÇΓöÇΓöÇΓöÇΓöÇΓöÇΓöÇΓöÇΓöÇΓöÇΓöÇΓöÇΓöÇΓöÇΓöÇΓöÇΓöÇΓöÇΓöÇΓöÇΓöÇΓöÇΓöÇΓöÇΓöÇΓöÇΓöÇΓöÇΓöÇΓöÇΓöÇΓöÇΓöÇΓöÇΓöÇΓöÇΓöÇΓöÇΓöÇΓöÇΓöÇΓöÇΓöÇΓöÇΓöÇΓöÇΓöÇΓöÇΓöÇΓöÇΓöÇΓöÇΓöÇΓöÇΓöÇΓöÇΓöÇΓöÇΓöÇΓöÇΓöÇΓöÇΓöÇΓöÇΓöÇΓöÇΓöÇΓöÇΓöÇΓöÇΓöÇΓöÇ  
   FAILED  Tests\Feature\ArticleTest > article showΓÇª   MissingAppKeyException   
  No application encryption key has been specified.

  at vendor\laravel\framework\src\Illuminate\Encryption\EncryptionServiceProvider.php:79
     75Γûò     protected function key(array $config)
     76Γûò     {
     77Γûò         return tap($config['key'], function ($key) {
     78Γûò             if (empty($key)) {
  Γ₧£  79Γûò                 throw new MissingAppKeyException;
     80Γûò             }
     81Γûò         });
     82Γûò     }
     83Γûò }

  1   vendor\laravel\framework\src\Illuminate\Encryption\EncryptionServiceProvider.php:79
  2   vendor\laravel\framework\src\Illuminate\Support\helpers.php:307

  ΓöÇΓöÇΓöÇΓöÇΓöÇΓöÇΓöÇΓöÇΓöÇΓöÇΓöÇΓöÇΓöÇΓöÇΓöÇΓöÇΓöÇΓöÇΓöÇΓöÇΓöÇΓöÇΓöÇΓöÇΓöÇΓöÇΓöÇΓöÇΓöÇΓöÇΓöÇΓöÇΓöÇΓöÇΓöÇΓöÇΓöÇΓöÇΓöÇΓöÇΓöÇΓöÇΓöÇΓöÇΓöÇΓöÇΓöÇΓöÇΓöÇΓöÇΓöÇΓöÇΓöÇΓöÇΓöÇΓöÇΓöÇΓöÇΓöÇΓöÇΓöÇΓöÇΓöÇΓöÇΓöÇΓöÇΓöÇΓöÇΓöÇΓöÇΓöÇΓöÇΓöÇΓöÇΓöÇΓöÇ  
   FAILED  Tests\Feature\ArticleTest > authenticatedΓÇª  MissingAppKeyException   
  No application encryption key has been specified.

  at vendor\laravel\framework\src\Illuminate\Encryption\EncryptionServiceProvider.php:79
     75Γûò     protected function key(array $config)
     76Γûò     {
     77Γûò         return tap($config['key'], function ($key) {
     78Γûò             if (empty($key)) {
  Γ₧£  79Γûò                 throw new MissingAppKeyException;
     80Γûò             }
     81Γûò         });
     82Γûò     }
     83Γûò }

  1   vendor\laravel\framework\src\Illuminate\Encryption\EncryptionServiceProvider.php:79
  2   vendor\laravel\framework\src\Illuminate\Support\helpers.php:307

  ΓöÇΓöÇΓöÇΓöÇΓöÇΓöÇΓöÇΓöÇΓöÇΓöÇΓöÇΓöÇΓöÇΓöÇΓöÇΓöÇΓöÇΓöÇΓöÇΓöÇΓöÇΓöÇΓöÇΓöÇΓöÇΓöÇΓöÇΓöÇΓöÇΓöÇΓöÇΓöÇΓöÇΓöÇΓöÇΓöÇΓöÇΓöÇΓöÇΓöÇΓöÇΓöÇΓöÇΓöÇΓöÇΓöÇΓöÇΓöÇΓöÇΓöÇΓöÇΓöÇΓöÇΓöÇΓöÇΓöÇΓöÇΓöÇΓöÇΓöÇΓöÇΓöÇΓöÇΓöÇΓöÇΓöÇΓöÇΓöÇΓöÇΓöÇΓöÇΓöÇΓöÇΓöÇΓöÇΓöÇ  
   FAILED  Tests\Feature\ArticleTest > authenticatedΓÇª  MissingAppKeyException   
  No application encryption key has been specified.

  at vendor\laravel\framework\src\Illuminate\Encryption\EncryptionServiceProvider.php:79
     75Γûò     protected function key(array $config)
     76Γûò     {
     77Γûò         return tap($config['key'], function ($key) {
     78Γûò             if (empty($key)) {
  Γ₧£  79Γûò                 throw new MissingAppKeyException;
     80Γûò             }
     81Γûò         });
     82Γûò     }
     83Γûò }

  1   vendor\laravel\framework\src\Illuminate\Encryption\EncryptionServiceProvider.php:79
  2   vendor\laravel\framework\src\Illuminate\Support\helpers.php:307

  ΓöÇΓöÇΓöÇΓöÇΓöÇΓöÇΓöÇΓöÇΓöÇΓöÇΓöÇΓöÇΓöÇΓöÇΓöÇΓöÇΓöÇΓöÇΓöÇΓöÇΓöÇΓöÇΓöÇΓöÇΓöÇΓöÇΓöÇΓöÇΓöÇΓöÇΓöÇΓöÇΓöÇΓöÇΓöÇΓöÇΓöÇΓöÇΓöÇΓöÇΓöÇΓöÇΓöÇΓöÇΓöÇΓöÇΓöÇΓöÇΓöÇΓöÇΓöÇΓöÇΓöÇΓöÇΓöÇΓöÇΓöÇΓöÇΓöÇΓöÇΓöÇΓöÇΓöÇΓöÇΓöÇΓöÇΓöÇΓöÇΓöÇΓöÇΓöÇΓöÇΓöÇΓöÇΓöÇΓöÇ  
   FAILED  Tests\Feature\ArticleTest > authenticatedΓÇª  MissingAppKeyException   
  No application encryption key has been specified.

  at vendor\laravel\framework\src\Illuminate\Encryption\EncryptionServiceProvider.php:79
     75Γûò     protected function key(array $config)
     76Γûò     {
     77Γûò         return tap($config['key'], function ($key) {
     78Γûò             if (empty($key)) {
  Γ₧£  79Γûò                 throw new MissingAppKeyException;
     80Γûò             }
     81Γûò         });
     82Γûò     }
     83Γûò }

  1   vendor\laravel\framework\src\Illuminate\Encryption\EncryptionServiceProvider.php:79
  2   vendor\laravel\framework\src\Illuminate\Support\helpers.php:307

  ΓöÇΓöÇΓöÇΓöÇΓöÇΓöÇΓöÇΓöÇΓöÇΓöÇΓöÇΓöÇΓöÇΓöÇΓöÇΓöÇΓöÇΓöÇΓöÇΓöÇΓöÇΓöÇΓöÇΓöÇΓöÇΓöÇΓöÇΓöÇΓöÇΓöÇΓöÇΓöÇΓöÇΓöÇΓöÇΓöÇΓöÇΓöÇΓöÇΓöÇΓöÇΓöÇΓöÇΓöÇΓöÇΓöÇΓöÇΓöÇΓöÇΓöÇΓöÇΓöÇΓöÇΓöÇΓöÇΓöÇΓöÇΓöÇΓöÇΓöÇΓöÇΓöÇΓöÇΓöÇΓöÇΓöÇΓöÇΓöÇΓöÇΓöÇΓöÇΓöÇΓöÇΓöÇΓöÇΓöÇ  
   FAILED  Tests\Feature\AuthTest > sign up page isΓÇª   MissingAppKeyException   
  No application encryption key has been specified.

  at vendor\laravel\framework\src\Illuminate\Encryption\EncryptionServiceProvider.php:79
     75Γûò     protected function key(array $config)
     76Γûò     {
     77Γûò         return tap($config['key'], function ($key) {
     78Γûò             if (empty($key)) {
  Γ₧£  79Γûò                 throw new MissingAppKeyException;
     80Γûò             }
     81Γûò         });
     82Γûò     }
     83Γûò }

  1   vendor\laravel\framework\src\Illuminate\Encryption\EncryptionServiceProvider.php:79
  2   vendor\laravel\framework\src\Illuminate\Support\helpers.php:307

  ΓöÇΓöÇΓöÇΓöÇΓöÇΓöÇΓöÇΓöÇΓöÇΓöÇΓöÇΓöÇΓöÇΓöÇΓöÇΓöÇΓöÇΓöÇΓöÇΓöÇΓöÇΓöÇΓöÇΓöÇΓöÇΓöÇΓöÇΓöÇΓöÇΓöÇΓöÇΓöÇΓöÇΓöÇΓöÇΓöÇΓöÇΓöÇΓöÇΓöÇΓöÇΓöÇΓöÇΓöÇΓöÇΓöÇΓöÇΓöÇΓöÇΓöÇΓöÇΓöÇΓöÇΓöÇΓöÇΓöÇΓöÇΓöÇΓöÇΓöÇΓöÇΓöÇΓöÇΓöÇΓöÇΓöÇΓöÇΓöÇΓöÇΓöÇΓöÇΓöÇΓöÇΓöÇΓöÇΓöÇ  
   FAILED  Tests\Feature\AuthTest > user can registeΓÇª  MissingAppKeyException   
  No application encryption key has been specified.

  at vendor\laravel\framework\src\Illuminate\Encryption\EncryptionServiceProvider.php:79
     75Γûò     protected function key(array $config)
     76Γûò     {
     77Γûò         return tap($config['key'], function ($key) {
     78Γûò             if (empty($key)) {
  Γ₧£  79Γûò                 throw new MissingAppKeyException;
     80Γûò             }
     81Γûò         });
     82Γûò     }
     83Γûò }

  1   vendor\laravel\framework\src\Illuminate\Encryption\EncryptionServiceProvider.php:79
  2   vendor\laravel\framework\src\Illuminate\Support\helpers.php:307

  ΓöÇΓöÇΓöÇΓöÇΓöÇΓöÇΓöÇΓöÇΓöÇΓöÇΓöÇΓöÇΓöÇΓöÇΓöÇΓöÇΓöÇΓöÇΓöÇΓöÇΓöÇΓöÇΓöÇΓöÇΓöÇΓöÇΓöÇΓöÇΓöÇΓöÇΓöÇΓöÇΓöÇΓöÇΓöÇΓöÇΓöÇΓöÇΓöÇΓöÇΓöÇΓöÇΓöÇΓöÇΓöÇΓöÇΓöÇΓöÇΓöÇΓöÇΓöÇΓöÇΓöÇΓöÇΓöÇΓöÇΓöÇΓöÇΓöÇΓöÇΓöÇΓöÇΓöÇΓöÇΓöÇΓöÇΓöÇΓöÇΓöÇΓöÇΓöÇΓöÇΓöÇΓöÇΓöÇΓöÇ  
   FAILED  Tests\Feature\AuthTest > sign in page isΓÇª   MissingAppKeyException   
  No application encryption key has been specified.

  at vendor\laravel\framework\src\Illuminate\Encryption\EncryptionServiceProvider.php:79
     75Γûò     protected function key(array $config)
     76Γûò     {
     77Γûò         return tap($config['key'], function ($key) {
     78Γûò             if (empty($key)) {
  Γ₧£  79Γûò                 throw new MissingAppKeyException;
     80Γûò             }
     81Γûò         });
     82Γûò     }
     83Γûò }

  1   vendor\laravel\framework\src\Illuminate\Encryption\EncryptionServiceProvider.php:79
  2   vendor\laravel\framework\src\Illuminate\Support\helpers.php:307

  ΓöÇΓöÇΓöÇΓöÇΓöÇΓöÇΓöÇΓöÇΓöÇΓöÇΓöÇΓöÇΓöÇΓöÇΓöÇΓöÇΓöÇΓöÇΓöÇΓöÇΓöÇΓöÇΓöÇΓöÇΓöÇΓöÇΓöÇΓöÇΓöÇΓöÇΓöÇΓöÇΓöÇΓöÇΓöÇΓöÇΓöÇΓöÇΓöÇΓöÇΓöÇΓöÇΓöÇΓöÇΓöÇΓöÇΓöÇΓöÇΓöÇΓöÇΓöÇΓöÇΓöÇΓöÇΓöÇΓöÇΓöÇΓöÇΓöÇΓöÇΓöÇΓöÇΓöÇΓöÇΓöÇΓöÇΓöÇΓöÇΓöÇΓöÇΓöÇΓöÇΓöÇΓöÇΓöÇΓöÇ  
   FAILED  Tests\Feature\AuthTest > user can login wΓÇª  MissingAppKeyException   
  No application encryption key has been specified.

  at vendor\laravel\framework\src\Illuminate\Encryption\EncryptionServiceProvider.php:79
     75Γûò     protected function key(array $config)
     76Γûò     {
     77Γûò         return tap($config['key'], function ($key) {
     78Γûò             if (empty($key)) {
  Γ₧£  79Γûò                 throw new MissingAppKeyException;
     80Γûò             }
     81Γûò         });
     82Γûò     }
     83Γûò }

  1   vendor\laravel\framework\src\Illuminate\Encryption\EncryptionServiceProvider.php:79
  2   vendor\laravel\framework\src\Illuminate\Support\helpers.php:307

  ΓöÇΓöÇΓöÇΓöÇΓöÇΓöÇΓöÇΓöÇΓöÇΓöÇΓöÇΓöÇΓöÇΓöÇΓöÇΓöÇΓöÇΓöÇΓöÇΓöÇΓöÇΓöÇΓöÇΓöÇΓöÇΓöÇΓöÇΓöÇΓöÇΓöÇΓöÇΓöÇΓöÇΓöÇΓöÇΓöÇΓöÇΓöÇΓöÇΓöÇΓöÇΓöÇΓöÇΓöÇΓöÇΓöÇΓöÇΓöÇΓöÇΓöÇΓöÇΓöÇΓöÇΓöÇΓöÇΓöÇΓöÇΓöÇΓöÇΓöÇΓöÇΓöÇΓöÇΓöÇΓöÇΓöÇΓöÇΓöÇΓöÇΓöÇΓöÇΓöÇΓöÇΓöÇΓöÇΓöÇ  
   FAILED  Tests\Feature\AuthTest > invalid sign inΓÇª   MissingAppKeyException   
  No application encryption key has been specified.

  at vendor\laravel\framework\src\Illuminate\Encryption\EncryptionServiceProvider.php:79
     75Γûò     protected function key(array $config)
     76Γûò     {
     77Γûò         return tap($config['key'], function ($key) {
     78Γûò             if (empty($key)) {
  Γ₧£  79Γûò                 throw new MissingAppKeyException;
     80Γûò             }
     81Γûò         });
     82Γûò     }
     83Γûò }

  1   vendor\laravel\framework\src\Illuminate\Encryption\EncryptionServiceProvider.php:79
  2   vendor\laravel\framework\src\Illuminate\Support\helpers.php:307

  ΓöÇΓöÇΓöÇΓöÇΓöÇΓöÇΓöÇΓöÇΓöÇΓöÇΓöÇΓöÇΓöÇΓöÇΓöÇΓöÇΓöÇΓöÇΓöÇΓöÇΓöÇΓöÇΓöÇΓöÇΓöÇΓöÇΓöÇΓöÇΓöÇΓöÇΓöÇΓöÇΓöÇΓöÇΓöÇΓöÇΓöÇΓöÇΓöÇΓöÇΓöÇΓöÇΓöÇΓöÇΓöÇΓöÇΓöÇΓöÇΓöÇΓöÇΓöÇΓöÇΓöÇΓöÇΓöÇΓöÇΓöÇΓöÇΓöÇΓöÇΓöÇΓöÇΓöÇΓöÇΓöÇΓöÇΓöÇΓöÇΓöÇΓöÇΓöÇΓöÇΓöÇΓöÇΓöÇΓöÇ  
   FAILED  Tests\Feature\AuthTest > authenticated usΓÇª  MissingAppKeyException   
  No application encryption key has been specified.

  at vendor\laravel\framework\src\Illuminate\Encryption\EncryptionServiceProvider.php:79
     75Γûò     protected function key(array $config)
     76Γûò     {
     77Γûò         return tap($config['key'], function ($key) {
     78Γûò             if (empty($key)) {
  Γ₧£  79Γûò                 throw new MissingAppKeyException;
     80Γûò             }
     81Γûò         });
     82Γûò     }
     83Γûò }

  1   vendor\laravel\framework\src\Illuminate\Encryption\EncryptionServiceProvider.php:79
  2   vendor\laravel\framework\src\Illuminate\Support\helpers.php:307

  ΓöÇΓöÇΓöÇΓöÇΓöÇΓöÇΓöÇΓöÇΓöÇΓöÇΓöÇΓöÇΓöÇΓöÇΓöÇΓöÇΓöÇΓöÇΓöÇΓöÇΓöÇΓöÇΓöÇΓöÇΓöÇΓöÇΓöÇΓöÇΓöÇΓöÇΓöÇΓöÇΓöÇΓöÇΓöÇΓöÇΓöÇΓöÇΓöÇΓöÇΓöÇΓöÇΓöÇΓöÇΓöÇΓöÇΓöÇΓöÇΓöÇΓöÇΓöÇΓöÇΓöÇΓöÇΓöÇΓöÇΓöÇΓöÇΓöÇΓöÇΓöÇΓöÇΓöÇΓöÇΓöÇΓöÇΓöÇΓöÇΓöÇΓöÇΓöÇΓöÇΓöÇΓöÇΓöÇΓöÇ  
   FAILED  Tests\Feature\ExampleTest > the applicatiΓÇª  MissingAppKeyException   
  No application encryption key has been specified.

  at vendor\laravel\framework\src\Illuminate\Encryption\EncryptionServiceProvider.php:79
     75Γûò     protected function key(array $config)
     76Γûò     {
     77Γûò         return tap($config['key'], function ($key) {
     78Γûò             if (empty($key)) {
  Γ₧£  79Γûò                 throw new MissingAppKeyException;
     80Γûò             }
     81Γûò         });
     82Γûò     }
     83Γûò }

  1   vendor\laravel\framework\src\Illuminate\Encryption\EncryptionServiceProvider.php:79
  2   vendor\laravel\framework\src\Illuminate\Support\helpers.php:307

  ΓöÇΓöÇΓöÇΓöÇΓöÇΓöÇΓöÇΓöÇΓöÇΓöÇΓöÇΓöÇΓöÇΓöÇΓöÇΓöÇΓöÇΓöÇΓöÇΓöÇΓöÇΓöÇΓöÇΓöÇΓöÇΓöÇΓöÇΓöÇΓöÇΓöÇΓöÇΓöÇΓöÇΓöÇΓöÇΓöÇΓöÇΓöÇΓöÇΓöÇΓöÇΓöÇΓöÇΓöÇΓöÇΓöÇΓöÇΓöÇΓöÇΓöÇΓöÇΓöÇΓöÇΓöÇΓöÇΓöÇΓöÇΓöÇΓöÇΓöÇΓöÇΓöÇΓöÇΓöÇΓöÇΓöÇΓöÇΓöÇΓöÇΓöÇΓöÇΓöÇΓöÇΓöÇΓöÇΓöÇ  
   FAILED  Tests\Feature\ProfileTest > user profileΓÇª   MissingAppKeyException   
  No application encryption key has been specified.

  at vendor\laravel\framework\src\Illuminate\Encryption\EncryptionServiceProvider.php:79
     75Γûò     protected function key(array $config)
     76Γûò     {
     77Γûò         return tap($config['key'], function ($key) {
     78Γûò             if (empty($key)) {
  Γ₧£  79Γûò                 throw new MissingAppKeyException;
     80Γûò             }
     81Γûò         });
     82Γûò     }
     83Γûò }

  1   vendor\laravel\framework\src\Illuminate\Encryption\EncryptionServiceProvider.php:79
  2   vendor\laravel\framework\src\Illuminate\Support\helpers.php:307

  ΓöÇΓöÇΓöÇΓöÇΓöÇΓöÇΓöÇΓöÇΓöÇΓöÇΓöÇΓöÇΓöÇΓöÇΓöÇΓöÇΓöÇΓöÇΓöÇΓöÇΓöÇΓöÇΓöÇΓöÇΓöÇΓöÇΓöÇΓöÇΓöÇΓöÇΓöÇΓöÇΓöÇΓöÇΓöÇΓöÇΓöÇΓöÇΓöÇΓöÇΓöÇΓöÇΓöÇΓöÇΓöÇΓöÇΓöÇΓöÇΓöÇΓöÇΓöÇΓöÇΓöÇΓöÇΓöÇΓöÇΓöÇΓöÇΓöÇΓöÇΓöÇΓöÇΓöÇΓöÇΓöÇΓöÇΓöÇΓöÇΓöÇΓöÇΓöÇΓöÇΓöÇΓöÇΓöÇΓöÇ  
   FAILED  Tests\Feature\ProfileTest > user favoriteΓÇª  MissingAppKeyException   
  No application encryption key has been specified.

  at vendor\laravel\framework\src\Illuminate\Encryption\EncryptionServiceProvider.php:79
     75Γûò     protected function key(array $config)
     76Γûò     {
     77Γûò         return tap($config['key'], function ($key) {
     78Γûò             if (empty($key)) {
  Γ₧£  79Γûò                 throw new MissingAppKeyException;
     80Γûò             }
     81Γûò         });
     82Γûò     }
     83Γûò }

  1   vendor\laravel\framework\src\Illuminate\Encryption\EncryptionServiceProvider.php:79
  2   vendor\laravel\framework\src\Illuminate\Support\helpers.php:307

  ΓöÇΓöÇΓöÇΓöÇΓöÇΓöÇΓöÇΓöÇΓöÇΓöÇΓöÇΓöÇΓöÇΓöÇΓöÇΓöÇΓöÇΓöÇΓöÇΓöÇΓöÇΓöÇΓöÇΓöÇΓöÇΓöÇΓöÇΓöÇΓöÇΓöÇΓöÇΓöÇΓöÇΓöÇΓöÇΓöÇΓöÇΓöÇΓöÇΓöÇΓöÇΓöÇΓöÇΓöÇΓöÇΓöÇΓöÇΓöÇΓöÇΓöÇΓöÇΓöÇΓöÇΓöÇΓöÇΓöÇΓöÇΓöÇΓöÇΓöÇΓöÇΓöÇΓöÇΓöÇΓöÇΓöÇΓöÇΓöÇΓöÇΓöÇΓöÇΓöÇΓöÇΓöÇΓöÇΓöÇ  
   FAILED  Tests\Feature\ProfileTest > authenticatedΓÇª  MissingAppKeyException   
  No application encryption key has been specified.

  at vendor\laravel\framework\src\Illuminate\Encryption\EncryptionServiceProvider.php:79
     75Γûò     protected function key(array $config)
     76Γûò     {
     77Γûò         return tap($config['key'], function ($key) {
     78Γûò             if (empty($key)) {
  Γ₧£  79Γûò                 throw new MissingAppKeyException;
     80Γûò             }
     81Γûò         });
     82Γûò     }
     83Γûò }

  1   vendor\laravel\framework\src\Illuminate\Encryption\EncryptionServiceProvider.php:79
  2   vendor\laravel\framework\src\Illuminate\Support\helpers.php:307

  ΓöÇΓöÇΓöÇΓöÇΓöÇΓöÇΓöÇΓöÇΓöÇΓöÇΓöÇΓöÇΓöÇΓöÇΓöÇΓöÇΓöÇΓöÇΓöÇΓöÇΓöÇΓöÇΓöÇΓöÇΓöÇΓöÇΓöÇΓöÇΓöÇΓöÇΓöÇΓöÇΓöÇΓöÇΓöÇΓöÇΓöÇΓöÇΓöÇΓöÇΓöÇΓöÇΓöÇΓöÇΓöÇΓöÇΓöÇΓöÇΓöÇΓöÇΓöÇΓöÇΓöÇΓöÇΓöÇΓöÇΓöÇΓöÇΓöÇΓöÇΓöÇΓöÇΓöÇΓöÇΓöÇΓöÇΓöÇΓöÇΓöÇΓöÇΓöÇΓöÇΓöÇΓöÇΓöÇΓöÇ  
   FAILED  Tests\Feature\TagFeedTest > tag feed pageΓÇª  MissingAppKeyException   
  No application encryption key has been specified.

  at vendor\laravel\framework\src\Illuminate\Encryption\EncryptionServiceProvider.php:79
     75Γûò     protected function key(array $config)
     76Γûò     {
     77Γûò         return tap($config['key'], function ($key) {
     78Γûò             if (empty($key)) {
  Γ₧£  79Γûò                 throw new MissingAppKeyException;
     80Γûò             }
     81Γûò         });
     82Γûò     }
     83Γûò }

  1   vendor\laravel\framework\src\Illuminate\Encryption\EncryptionServiceProvider.php:79
  2   vendor\laravel\framework\src\Illuminate\Support\helpers.php:307

  ΓöÇΓöÇΓöÇΓöÇΓöÇΓöÇΓöÇΓöÇΓöÇΓöÇΓöÇΓöÇΓöÇΓöÇΓöÇΓöÇΓöÇΓöÇΓöÇΓöÇΓöÇΓöÇΓöÇΓöÇΓöÇΓöÇΓöÇΓöÇΓöÇΓöÇΓöÇΓöÇΓöÇΓöÇΓöÇΓöÇΓöÇΓöÇΓöÇΓöÇΓöÇΓöÇΓöÇΓöÇΓöÇΓöÇΓöÇΓöÇΓöÇΓöÇΓöÇΓöÇΓöÇΓöÇΓöÇΓöÇΓöÇΓöÇΓöÇΓöÇΓöÇΓöÇΓöÇΓöÇΓöÇΓöÇΓöÇΓöÇΓöÇΓöÇΓöÇΓöÇΓöÇΓöÇΓöÇΓöÇ  
   FAILED  Tests\Feature\TagFeedTest > authenticatedΓÇª  MissingAppKeyException   
  No application encryption key has been specified.

  at vendor\laravel\framework\src\Illuminate\Encryption\EncryptionServiceProvider.php:79
     75Γûò     protected function key(array $config)
     76Γûò     {
     77Γûò         return tap($config['key'], function ($key) {
     78Γûò             if (empty($key)) {
  Γ₧£  79Γûò                 throw new MissingAppKeyException;
     80Γûò             }
     81Γûò         });
     82Γûò     }
     83Γûò }

  1   vendor\laravel\framework\src\Illuminate\Encryption\EncryptionServiceProvider.php:79
  2   vendor\laravel\framework\src\Illuminate\Support\helpers.php:307


  Tests:    16 failed, 2 warnings, 4 passed (17 assertions)
  Duration: 0.66s

